---
source: crates/app/src/daemon.rs
expression: text
---
[Unit]
Description=tidal-player daemon
Documentation=https://github.com/PEKKA1117/spotify-player-but-for-tidal/blob/main/docs/daemon.md
StartLimitIntervalSec=300
StartLimitBurst=5

[Service]
Type=notify
ExecStart=/home/me/.cargo/bin/tidal-player daemon
Restart=on-failure
RestartSec=5
# 1: not logged in or the session store is unusable; 2: bad settings;
# 3: another player is running. Restarting fixes none of them.
RestartPreventExitStatus=1 2 3
# Settings (docs/playback.md#settings), e.g.:
#Environment=TIDAL_PLAYER_DEVICE=hw:1,0
# Passphrase for an encrypted session file (docs/login.md):
#LoadCredential=tidal-player-passphrase:%h/.config/tidal-player/passphrase

[Install]
WantedBy=default.target
