---
source: crates/app/src/ui.rs
expression: text
---
┌tidal-player──────────────────────────┐
│▶ Hell Above · Pierce The Veil     80%│
┌Keys──────────────────────────────────┐
│ Library · Playlists                  │
│   enter           open the playlist  │
│   Z  C-z          add to the end of… │
│   g a  C-space    actions on the sel…│
│   /               filter the rows    │
│ Lists                                │
│   j  down  C-n    move down          │
│ / filter · enter run · esc close     │
└──────────────────────────────────────┘
